// Jest Snapshot v1, https://goo.gl/fbAQLP

exports[`<Page /> render() renders the component 1`] = `
<Page
  pageContext={
    Object {
      "userInfo": Object {
        "id": 1,
        "name": "Legolas kun",
      },
    }
  }
>
  <div
    className="pz-page-container"
  >
    <header
      className="pz-header"
    >
      <h1>
        Header title
      </h1>
    </header>
    <div
      className="pz-page-body"
    >
      <h1>
        Page body
      </h1>
      <div>
        <span>
          Content
        </span>
      </div>
    </div>
  </div>
</Page>
`;
